// Jest Snapshot v1, https://goo.gl/fbAQLP

exports[`Testing al cliente Es Adrian Ibarra 1`] = `
Object {
  "balance": 500,
  "nombre": "Adrian Ibarra",
  "tipo": "Premium",
}
`;
